<?xml version="1.0" encoding="utf-8"?><testsuites name="pytest tests"><testsuite name="pytest" errors="0" failures="0" skipped="22" tests="428" time="0.978" timestamp="2025-08-16T11:20:28.416010+09:00" hostname="G-tune-i712700K"><testcase classname="tests.test_accessibility_features.TestColorAnalyzer" name="test_hex_to_rgb_conversion" time="0.001" /><testcase classname="tests.test_accessibility_features.TestColorAnalyzer" name="test_rgb_to_luminance_conversion" time="0.001" /><testcase classname="tests.test_accessibility_features.TestColorAnalyzer" name="test_contrast_ratio_calculation" time="0.000" /><testcase classname="tests.test_accessibility_features.TestColorAnalyzer" name="test_wcag_compliance_check" time="0.000" /><testcase classname="tests.test_accessibility_features.TestColorAnalyzer" name="test_color_harmony_generation" time="0.000" /><testcase classname="tests.test_accessibility_features.TestColorAnalyzer" name="test_accessibility_report_generation" time="0.000" /><testcase classname="tests.test_accessibility_features.TestColorImprover" name="test_contrast_improvement" time="0.000" /><testcase classname="tests.test_accessibility_features.TestColorImprover" name="test_accessible_alternatives_suggestion" time="0.000" /><testcase classname="tests.test_accessibility_features.TestColorImprover" name="test_wcag_level_preset_generation" time="0.000" /><testcase classname="tests.test_accessibility_features.TestColorImprover" name="test_color_brightness_adjustment" time="0.000" /><testcase classname="tests.test_accessibility_features.TestColorImprover" name="test_saturation_adjustment" time="0.000" /><testcase classname="tests.test_accessibility_features.TestZebraEditor" name="test_zebra_editor_initialization" time="0.000"><skipped type="pytest.skip" message="ZebraEditorモジュールが利用できません">/home/hiro/Projects/Qt-Theme-Studio/tests/test_accessibility_features.py:304: ZebraEditorモジュールが利用できません</skipped></testcase><testcase classname="tests.test_accessibility_features.TestZebraEditor" name="test_contrast_calculation_ui" time="0.000"><skipped type="pytest.skip" message="ZebraEditorモジュールが利用できません">/home/hiro/Projects/Qt-Theme-Studio/tests/test_accessibility_features.py:313: ZebraEditorモジュールが利用できません</skipped></testcase><testcase classname="tests.test_accessibility_features.TestZebraEditor" name="test_wcag_level_selection" time="0.000"><skipped type="pytest.skip" message="ZebraEditorモジュールが利用できません">/home/hiro/Projects/Qt-Theme-Studio/tests/test_accessibility_features.py:324: ZebraEditorモジュールが利用できません</skipped></testcase><testcase classname="tests.test_accessibility_features.TestZebraEditor" name="test_color_improvement_suggestions" time="0.000"><skipped type="pytest.skip" message="ZebraEditorモジュールが利用できません">/home/hiro/Projects/Qt-Theme-Studio/tests/test_accessibility_features.py:336: ZebraEditorモジュールが利用できません</skipped></testcase><testcase classname="tests.test_accessibility_features.TestZebraController" name="test_zebra_controller_initialization" time="0.000"><skipped type="pytest.skip" message="ZebraControllerモジュールが利用できません">/home/hiro/Projects/Qt-Theme-Studio/tests/test_accessibility_features.py:376: ZebraControllerモジュールが利用できません</skipped></testcase><testcase classname="tests.test_accessibility_features.TestZebraController" name="test_wcag_compliant_color_generation" time="0.000"><skipped type="pytest.skip" message="ZebraControllerモジュールが利用できません">/home/hiro/Projects/Qt-Theme-Studio/tests/test_accessibility_features.py:385: ZebraControllerモジュールが利用できません</skipped></testcase><testcase classname="tests.test_accessibility_features.TestZebraController" name="test_accessibility_validation" time="0.000"><skipped type="pytest.skip" message="ZebraControllerモジュールが利用できません">/home/hiro/Projects/Qt-Theme-Studio/tests/test_accessibility_features.py:415: ZebraControllerモジュールが利用できません</skipped></testcase><testcase classname="tests.test_accessibility_features.TestZebraController" name="test_color_palette_optimization" time="0.000"><skipped type="pytest.skip" message="ZebraControllerモジュールが利用できません">/home/hiro/Projects/Qt-Theme-Studio/tests/test_accessibility_features.py:434: ZebraControllerモジュールが利用できません</skipped></testcase><testcase classname="tests.test_accessibility_features.TestValidationService" name="test_validation_service_initialization" time="0.000" /><testcase classname="tests.test_accessibility_features.TestValidationService" name="test_theme_structure_validation" time="0.000" /><testcase classname="tests.test_accessibility_features.TestValidationService" name="test_wcag_compliance_validation" time="0.000" /><testcase classname="tests.test_accessibility_features.TestValidationService" name="test_comprehensive_theme_validation" time="0.000" /><testcase classname="tests.test_accessibility_features.TestAccessibilityIntegration" name="test_end_to_end_accessibility_workflow" time="0.000"><skipped type="pytest.skip" message="必要なモジュールが利用できません">/home/hiro/Projects/Qt-Theme-Studio/tests/test_accessibility_features.py:603: 必要なモジュールが利用できません</skipped></testcase><testcase classname="tests.test_accessibility_features.TestAccessibilityIntegration" name="test_accessibility_validation_integration" time="0.000"><skipped type="pytest.skip" message="必要なモジュールが利用できません">/home/hiro/Projects/Qt-Theme-Studio/tests/test_accessibility_features.py:646: 必要なモジュールが利用できません</skipped></testcase><testcase classname="tests.test_complete_workflow.TestCompleteWorkflow" name="test_complete_theme_creation_workflow" time="0.014" /><testcase classname="tests.test_complete_workflow.TestCompleteWorkflow" name="test_theme_validation_workflow" time="0.001" /><testcase classname="tests.test_complete_workflow.TestCompleteWorkflow" name="test_error_recovery_workflow" time="0.003" /><testcase classname="tests.test_complete_workflow.TestCompleteWorkflow" name="test_performance_workflow" time="0.004" /><testcase classname="tests.test_complete_workflow.TestCompleteWorkflow" name="test_memory_management_workflow" time="0.015" /><testcase classname="tests.test_complete_workflow.TestQtFrameworkCompatibility" name="test_framework_specific_workflow[PySide6]" time="0.002" /><testcase classname="tests.test_complete_workflow.TestQtFrameworkCompatibility" name="test_framework_specific_workflow[PyQt6]" time="0.001" /><testcase classname="tests.test_complete_workflow.TestQtFrameworkCompatibility" name="test_framework_specific_workflow[PyQt5]" time="0.001" /><testcase classname="tests.test_complete_workflow.TestQtFrameworkCompatibility" name="test_framework_fallback_workflow" time="0.001" /><testcase classname="tests.test_complete_workflow.TestIntegrationScenarios" name="test_multi_user_workflow" time="0.002" /><testcase classname="tests.test_complete_workflow.TestIntegrationScenarios" name="test_concurrent_editing_workflow" time="0.001" /><testcase classname="tests.test_complete_workflow.TestIntegrationScenarios" name="test_large_theme_workflow" time="0.001" /><testcase classname="tests.test_config.TestApplicationSettings" name="test_get_set_setting" time="0.002" /><testcase classname="tests.test_config.TestApplicationSettings" name="test_initialization" time="0.000" /><testcase classname="tests.test_config.TestApplicationSettings" name="test_load_default_settings" time="0.001" /><testcase classname="tests.test_config.TestApplicationSettings" name="test_recent_themes_management" time="0.001" /><testcase classname="tests.test_config.TestApplicationSettings" name="test_reset_to_defaults" time="0.001" /><testcase classname="tests.test_config.TestApplicationSettings" name="test_save_and_load_settings" time="0.001" /><testcase classname="tests.test_config.TestSettingsManager" name="test_initialization" time="0.001" /><testcase classname="tests.test_config.TestSettingsManager" name="test_save_load_value" time="0.001" /><testcase classname="tests.test_config.TestUserPreferences" name="test_default_values" time="0.000" /><testcase classname="tests.test_config.TestUserPreferences" name="test_get_set_preference" time="0.000" /><testcase classname="tests.test_config.TestWorkspaceManager" name="test_save_load_workspace" time="0.001" /><testcase classname="tests.test_config_integration.TestConfigIntegration" name="test_complete_settings_workflow" time="0.002" /><testcase classname="tests.test_config_integration.TestConfigIntegration" name="test_config_directory_creation" time="0.000" /><testcase classname="tests.test_config_integration.TestConfigIntegration" name="test_error_handling" time="0.001" /><testcase classname="tests.test_config_integration.TestConfigIntegration" name="test_qsettings_integration" time="0.001" /><testcase classname="tests.test_config_integration.TestConfigIntegration" name="test_settings_file_persistence" time="0.001" /><testcase classname="tests.test_config_integration.TestConfigIntegration" name="test_user_preferences_integration" time="0.001" /><testcase classname="tests.test_config_integration.TestConfigIntegration" name="test_workspace_state_integration" time="0.001" /><testcase classname="tests.test_error_handler.TestErrorHandler" name="test_initialization" time="0.000" /><testcase classname="tests.test_error_handler.TestErrorHandler" name="test_register_recovery_callback" time="0.000" /><testcase classname="tests.test_error_handler.TestErrorHandler" name="test_handle_qt_framework_error" time="0.001" /><testcase classname="tests.test_error_handler.TestErrorHandler" name="test_handle_theme_load_error" time="0.001" /><testcase classname="tests.test_error_handler.TestErrorHandler" name="test_handle_theme_save_error" time="0.001" /><testcase classname="tests.test_error_handler.TestErrorHandler" name="test_handle_configuration_error" time="0.001" /><testcase classname="tests.test_error_handler.TestErrorHandler" name="test_handle_application_crash" time="0.012" /><testcase classname="tests.test_error_handler.TestErrorHandler" name="test_handle_generic_error" time="0.001" /><testcase classname="tests.test_error_handler.TestErrorHandler" name="test_find_backup_files" time="0.000" /><testcase classname="tests.test_error_handler.TestErrorHandler" name="test_get_default_themes" time="0.000" /><testcase classname="tests.test_error_handler.TestErrorHandler" name="test_suggest_alternative_save_paths" time="0.000" /><testcase classname="tests.test_error_handler.TestErrorHandler" name="test_create_backup" time="0.001" /><testcase classname="tests.test_error_handler.TestErrorHandler" name="test_generate_crash_report" time="0.005" /><testcase classname="tests.test_error_handler.TestErrorHandler" name="test_attempt_auto_save" time="0.001" /><testcase classname="tests.test_exceptions.TestThemeStudioException" name="test_basic_exception" time="0.000" /><testcase classname="tests.test_exceptions.TestThemeStudioException" name="test_exception_with_error_code" time="0.000" /><testcase classname="tests.test_exceptions.TestThemeStudioException" name="test_exception_with_details" time="0.000" /><testcase classname="tests.test_exceptions.TestThemeStudioException" name="test_to_dict" time="0.000" /><testcase classname="tests.test_exceptions.TestQtFrameworkNotFoundError" name="test_default_message" time="0.000" /><testcase classname="tests.test_exceptions.TestQtFrameworkNotFoundError" name="test_with_attempted_frameworks" time="0.000" /><testcase classname="tests.test_exceptions.TestQtFrameworkNotFoundError" name="test_installation_guide" time="0.000" /><testcase classname="tests.test_exceptions.TestThemeLoadError" name="test_basic_theme_load_error" time="0.000" /><testcase classname="tests.test_exceptions.TestThemeLoadError" name="test_with_file_path" time="0.000" /><testcase classname="tests.test_exceptions.TestThemeLoadError" name="test_with_original_error" time="0.000" /><testcase classname="tests.test_exceptions.TestThemeValidationError" name="test_basic_validation_error" time="0.000" /><testcase classname="tests.test_exceptions.TestThemeValidationError" name="test_with_validation_errors" time="0.000" /><testcase classname="tests.test_exceptions.TestThemeValidationError" name="test_with_theme_name" time="0.000" /><testcase classname="tests.test_exceptions.TestExportError" name="test_basic_export_error" time="0.000" /><testcase classname="tests.test_exceptions.TestExportError" name="test_with_export_format" time="0.000" /><testcase classname="tests.test_exceptions.TestAccessibilityError" name="test_basic_accessibility_error" time="0.000" /><testcase classname="tests.test_exceptions.TestAccessibilityError" name="test_with_wcag_level" time="0.000" /><testcase classname="tests.test_exceptions.TestAccessibilityError" name="test_with_colors" time="0.000" /><testcase classname="tests.test_exceptions.TestApplicationCrashError" name="test_basic_crash_error" time="0.000" /><testcase classname="tests.test_exceptions.TestApplicationCrashError" name="test_with_crash_context" time="0.000" /><testcase classname="tests.test_export_service.TestExportService" name="test_export_theme_json" time="0.001" /><testcase classname="tests.test_export_service.TestExportService" name="test_export_theme_qss" time="0.000" /><testcase classname="tests.test_export_service.TestExportService" name="test_export_theme_css" time="0.000" /><testcase classname="tests.test_export_service.TestExportService" name="test_export_theme_yaml" time="0.000"><skipped type="pytest.skip" message="YAMLエクスポートはオプション機能のためスキップ">/home/hiro/Projects/Qt-Theme-Studio/tests/test_export_service.py:88: YAMLエクスポートはオプション機能のためスキップ</skipped></testcase><testcase classname="tests.test_export_service.TestExportService" name="test_export_theme_yaml_no_library" time="0.000"><skipped type="pytest.skip" message="YAMLエクスポートはオプション機能のためスキップ">/home/hiro/Projects/Qt-Theme-Studio/tests/test_export_service.py:100: YAMLエクスポートはオプション機能のためスキップ</skipped></testcase><testcase classname="tests.test_export_service.TestExportService" name="test_export_theme_unsupported_format" time="0.001" /><testcase classname="tests.test_export_service.TestExportService" name="test_export_theme_with_file_output" time="0.001" /><testcase classname="tests.test_export_service.TestExportService" name="test_export_to_json_valid" time="0.000" /><testcase classname="tests.test_export_service.TestExportService" name="test_export_to_json_invalid" time="0.000" /><testcase classname="tests.test_export_service.TestExportService" name="test_export_to_qss_basic_structure" time="0.000" /><testcase classname="tests.test_export_service.TestExportService" name="test_export_to_css_basic_structure" time="0.000" /><testcase classname="tests.test_export_service.TestExportService" name="test_add_qss_widget_styles" time="0.000" /><testcase classname="tests.test_export_service.TestExportService" name="test_add_css_base_styles" time="0.000" /><testcase classname="tests.test_export_service.TestExportService" name="test_test_framework_compatibility" time="0.001" /><testcase classname="tests.test_export_service.TestExportService" name="test_check_framework_availability_available" time="0.000" /><testcase classname="tests.test_export_service.TestExportService" name="test_check_framework_availability_unavailable" time="0.000" /><testcase classname="tests.test_export_service.TestExportService" name="test_test_theme_application_valid" time="0.000" /><testcase classname="tests.test_export_service.TestExportService" name="test_test_theme_application_missing_colors" time="0.000" /><testcase classname="tests.test_export_service.TestExportService" name="test_test_theme_application_missing_fonts" time="0.000" /><testcase classname="tests.test_export_service.TestExportService" name="test_export_preview_image_success" time="0.001" /><testcase classname="tests.test_export_service.TestExportService" name="test_export_preview_image_save_failure" time="0.001" /><testcase classname="tests.test_export_service.TestExportService" name="test_export_preview_image_no_grab_method" time="0.001" /><testcase classname="tests.test_export_service.TestExportService" name="test_get_supported_formats" time="0.000" /><testcase classname="tests.test_export_service.TestExportService" name="test_validate_export_data_valid" time="0.000" /><testcase classname="tests.test_export_service.TestExportService" name="test_validate_export_data_invalid_type" time="0.000" /><testcase classname="tests.test_export_service.TestExportService" name="test_validate_export_data_missing_required_fields" time="0.000" /><testcase classname="tests.test_export_service.TestExportService" name="test_validate_export_data_invalid_colors_type" time="0.000" /><testcase classname="tests.test_export_service.TestExportService" name="test_validate_export_data_empty_colors" time="0.000" /><testcase classname="tests.test_export_service.TestExportService" name="test_validate_export_data_invalid_fonts_type" time="0.000" /><testcase classname="tests.test_export_service.TestExportService" name="test_validate_export_data_empty_fonts" time="0.000" /><testcase classname="tests.test_export_service.TestCompatibilityReport" name="test_compatibility_report_creation" time="0.000" /><testcase classname="tests.test_export_service.TestCompatibilityReport" name="test_add_framework_result_compatible" time="0.000" /><testcase classname="tests.test_export_service.TestCompatibilityReport" name="test_add_framework_result_incompatible" time="0.000" /><testcase classname="tests.test_export_service.TestCompatibilityReport" name="test_add_warning" time="0.000" /><testcase classname="tests.test_export_service.TestCompatibilityReport" name="test_add_error" time="0.000" /><testcase classname="tests.test_export_service.TestCompatibilityReport" name="test_to_dict" time="0.000" /><testcase classname="tests.test_export_service.TestCompatibilityReport" name="test_string_representation" time="0.000" /><testcase classname="tests.test_i18n_accessibility.TestI18nManager" name="test_create_translation_file" time="0.001" /><testcase classname="tests.test_i18n_accessibility.TestI18nManager" name="test_get_available_languages" time="0.001" /><testcase classname="tests.test_i18n_accessibility.TestI18nManager" name="test_initialization" time="0.001" /><testcase classname="tests.test_i18n_accessibility.TestI18nManager" name="test_japanese_file_path_handling" time="0.001" /><testcase classname="tests.test_i18n_accessibility.TestI18nManager" name="test_japanese_text_validation" time="0.001" /><testcase classname="tests.test_i18n_accessibility.TestI18nManager" name="test_localized_error_messages" time="0.001" /><testcase classname="tests.test_i18n_accessibility.TestI18nManager" name="test_localized_status_messages" time="0.001" /><testcase classname="tests.test_i18n_accessibility.TestI18nManager" name="test_translation_fallback" time="0.001" /><testcase classname="tests.test_i18n_accessibility.TestJapaneseFileHandler" name="test_encoding_detection" time="0.001" /><testcase classname="tests.test_i18n_accessibility.TestJapaneseFileHandler" name="test_japanese_file_listing" time="0.000" /><testcase classname="tests.test_i18n_accessibility.TestJapaneseFileHandler" name="test_path_normalization" time="0.000" /><testcase classname="tests.test_i18n_accessibility.TestJapaneseFileHandler" name="test_path_validation" time="0.000" /><testcase classname="tests.test_i18n_accessibility.TestJapaneseFileHandler" name="test_safe_file_operations" time="0.001" /><testcase classname="tests.test_i18n_accessibility.TestJapaneseFileHandler" name="test_safe_filename_generation" time="0.000" /><testcase classname="tests.test_i18n_accessibility.TestAccessibilityManager" name="test_accessibility_report_generation" time="0.000" /><testcase classname="tests.test_i18n_accessibility.TestAccessibilityManager" name="test_accessibility_settings" time="0.001" /><testcase classname="tests.test_i18n_accessibility.TestAccessibilityManager" name="test_color_contrast_check" time="0.000" /><testcase classname="tests.test_i18n_accessibility.TestAccessibilityManager" name="test_contrast_ratio_calculation" time="0.000" /><testcase classname="tests.test_i18n_accessibility.TestAccessibilityManager" name="test_high_contrast_mode_toggle" time="0.000" /><testcase classname="tests.test_i18n_accessibility.TestAccessibilityManager" name="test_initialization" time="0.000" /><testcase classname="tests.test_i18n_accessibility.TestAccessibilityManager" name="test_large_text_mode_toggle" time="0.001" /><testcase classname="tests.test_i18n_accessibility.TestIntegration" name="test_accessibility_with_japanese_content" time="0.001" /><testcase classname="tests.test_i18n_accessibility.TestIntegration" name="test_error_message_localization" time="0.001" /><testcase classname="tests.test_i18n_accessibility.TestIntegration" name="test_japanese_theme_file_processing" time="0.001" /><testcase classname="tests.test_import_service.TestThemeImportService" name="test_add_import_metadata" time="0.001" /><testcase classname="tests.test_import_service.TestThemeImportService" name="test_extract_colors_from_qss" time="0.001" /><testcase classname="tests.test_import_service.TestThemeImportService" name="test_format_descriptions" time="0.000" /><testcase classname="tests.test_import_service.TestThemeImportService" name="test_import_css_theme" time="0.001" /><testcase classname="tests.test_import_service.TestThemeImportService" name="test_import_invalid_json" time="0.005" /><testcase classname="tests.test_import_service.TestThemeImportService" name="test_import_json_theme" time="0.001" /><testcase classname="tests.test_import_service.TestThemeImportService" name="test_import_nonexistent_file" time="0.001" /><testcase classname="tests.test_import_service.TestThemeImportService" name="test_import_qss_theme" time="0.001" /><testcase classname="tests.test_import_service.TestThemeImportService" name="test_import_unsupported_format" time="0.001" /><testcase classname="tests.test_import_service.TestThemeImportService" name="test_is_valid_color" time="0.000" /><testcase classname="tests.test_import_service.TestThemeImportService" name="test_normalize_colors" time="0.000" /><testcase classname="tests.test_import_service.TestThemeImportService" name="test_normalize_fonts" time="0.000" /><testcase classname="tests.test_import_service.TestThemeImportService" name="test_normalize_sizes" time="0.000" /><testcase classname="tests.test_import_service.TestThemeImportService" name="test_supported_formats" time="0.000" /><testcase classname="tests.test_import_service.TestThemeImportService" name="test_validate_imported_theme" time="0.000" /><testcase classname="tests.test_integration_suite.TestCompleteWorkflow" name="test_complete_theme_creation_workflow" time="0.003" /><testcase classname="tests.test_integration_suite.TestCompleteWorkflow" name="test_theme_validation_workflow" time="0.001" /><testcase classname="tests.test_integration_suite.TestCompleteWorkflow" name="test_error_recovery_workflow" time="0.002" /><testcase classname="tests.test_integration_suite.TestCompleteWorkflow" name="test_performance_workflow" time="0.004" /><testcase classname="tests.test_integration_suite.TestCompleteWorkflow" name="test_memory_management_workflow" time="0.015" /><testcase classname="tests.test_integration_suite.TestQtFrameworkCompatibility" name="test_framework_specific_workflow[PySide6]" time="0.001" /><testcase classname="tests.test_integration_suite.TestQtFrameworkCompatibility" name="test_framework_specific_workflow[PyQt6]" time="0.001" /><testcase classname="tests.test_integration_suite.TestQtFrameworkCompatibility" name="test_framework_specific_workflow[PyQt5]" time="0.001" /><testcase classname="tests.test_integration_suite.TestQtFrameworkCompatibility" name="test_framework_fallback_workflow" time="0.001" /><testcase classname="tests.test_integration_suite.TestIntegrationScenarios" name="test_multi_user_workflow" time="0.001" /><testcase classname="tests.test_integration_suite.TestIntegrationScenarios" name="test_concurrent_editing_workflow" time="0.001" /><testcase classname="tests.test_integration_suite.TestIntegrationScenarios" name="test_large_theme_workflow" time="0.001" /><testcase classname="tests.test_integration_suite.TestColorAnalyzer" name="test_hex_to_rgb_conversion" time="0.000" /><testcase classname="tests.test_integration_suite.TestColorAnalyzer" name="test_rgb_to_luminance_conversion" time="0.000" /><testcase classname="tests.test_integration_suite.TestColorAnalyzer" name="test_contrast_ratio_calculation" time="0.000" /><testcase classname="tests.test_integration_suite.TestColorAnalyzer" name="test_wcag_compliance_check" time="0.000" /><testcase classname="tests.test_integration_suite.TestColorAnalyzer" name="test_color_harmony_generation" time="0.000" /><testcase classname="tests.test_integration_suite.TestColorAnalyzer" name="test_accessibility_report_generation" time="0.000" /><testcase classname="tests.test_integration_suite.TestColorImprover" name="test_contrast_improvement" time="0.001" /><testcase classname="tests.test_integration_suite.TestColorImprover" name="test_accessible_alternatives_suggestion" time="0.002" /><testcase classname="tests.test_integration_suite.TestColorImprover" name="test_wcag_level_preset_generation" time="0.000" /><testcase classname="tests.test_integration_suite.TestColorImprover" name="test_color_brightness_adjustment" time="0.001" /><testcase classname="tests.test_integration_suite.TestColorImprover" name="test_saturation_adjustment" time="0.001" /><testcase classname="tests.test_integration_suite.TestZebraEditor" name="test_zebra_editor_initialization" time="0.000"><skipped type="pytest.skip" message="ZebraEditorモジュールが利用できません">/home/hiro/Projects/Qt-Theme-Studio/tests/test_accessibility_features.py:304: ZebraEditorモジュールが利用できません</skipped></testcase><testcase classname="tests.test_integration_suite.TestZebraEditor" name="test_contrast_calculation_ui" time="0.000"><skipped type="pytest.skip" message="ZebraEditorモジュールが利用できません">/home/hiro/Projects/Qt-Theme-Studio/tests/test_accessibility_features.py:313: ZebraEditorモジュールが利用できません</skipped></testcase><testcase classname="tests.test_integration_suite.TestZebraEditor" name="test_wcag_level_selection" time="0.000"><skipped type="pytest.skip" message="ZebraEditorモジュールが利用できません">/home/hiro/Projects/Qt-Theme-Studio/tests/test_accessibility_features.py:324: ZebraEditorモジュールが利用できません</skipped></testcase><testcase classname="tests.test_integration_suite.TestZebraEditor" name="test_color_improvement_suggestions" time="0.000"><skipped type="pytest.skip" message="ZebraEditorモジュールが利用できません">/home/hiro/Projects/Qt-Theme-Studio/tests/test_accessibility_features.py:336: ZebraEditorモジュールが利用できません</skipped></testcase><testcase classname="tests.test_integration_suite.TestZebraController" name="test_zebra_controller_initialization" time="0.000"><skipped type="pytest.skip" message="ZebraControllerモジュールが利用できません">/home/hiro/Projects/Qt-Theme-Studio/tests/test_accessibility_features.py:376: ZebraControllerモジュールが利用できません</skipped></testcase><testcase classname="tests.test_integration_suite.TestZebraController" name="test_wcag_compliant_color_generation" time="0.000"><skipped type="pytest.skip" message="ZebraControllerモジュールが利用できません">/home/hiro/Projects/Qt-Theme-Studio/tests/test_accessibility_features.py:385: ZebraControllerモジュールが利用できません</skipped></testcase><testcase classname="tests.test_integration_suite.TestZebraController" name="test_accessibility_validation" time="0.000"><skipped type="pytest.skip" message="ZebraControllerモジュールが利用できません">/home/hiro/Projects/Qt-Theme-Studio/tests/test_accessibility_features.py:415: ZebraControllerモジュールが利用できません</skipped></testcase><testcase classname="tests.test_integration_suite.TestZebraController" name="test_color_palette_optimization" time="0.000"><skipped type="pytest.skip" message="ZebraControllerモジュールが利用できません">/home/hiro/Projects/Qt-Theme-Studio/tests/test_accessibility_features.py:434: ZebraControllerモジュールが利用できません</skipped></testcase><testcase classname="tests.test_integration_suite.TestValidationService" name="test_validation_service_initialization" time="0.000" /><testcase classname="tests.test_integration_suite.TestValidationService" name="test_theme_structure_validation" time="0.001" /><testcase classname="tests.test_integration_suite.TestValidationService" name="test_wcag_compliance_validation" time="0.001" /><testcase classname="tests.test_integration_suite.TestValidationService" name="test_comprehensive_theme_validation" time="0.001" /><testcase classname="tests.test_integration_suite.TestAccessibilityIntegration" name="test_end_to_end_accessibility_workflow" time="0.000"><skipped type="pytest.skip" message="必要なモジュールが利用できません">/home/hiro/Projects/Qt-Theme-Studio/tests/test_accessibility_features.py:603: 必要なモジュールが利用できません</skipped></testcase><testcase classname="tests.test_integration_suite.TestAccessibilityIntegration" name="test_accessibility_validation_integration" time="0.000"><skipped type="pytest.skip" message="必要なモジュールが利用できません">/home/hiro/Projects/Qt-Theme-Studio/tests/test_accessibility_features.py:646: 必要なモジュールが利用できません</skipped></testcase><testcase classname="tests.test_integration_suite.TestConfigIntegration" name="test_complete_settings_workflow" time="0.001" /><testcase classname="tests.test_integration_suite.TestConfigIntegration" name="test_config_directory_creation" time="0.000" /><testcase classname="tests.test_integration_suite.TestConfigIntegration" name="test_error_handling" time="0.001" /><testcase classname="tests.test_integration_suite.TestConfigIntegration" name="test_qsettings_integration" time="0.001" /><testcase classname="tests.test_integration_suite.TestConfigIntegration" name="test_settings_file_persistence" time="0.001" /><testcase classname="tests.test_integration_suite.TestConfigIntegration" name="test_user_preferences_integration" time="0.001" /><testcase classname="tests.test_integration_suite.TestConfigIntegration" name="test_workspace_state_integration" time="0.001" /><testcase classname="tests.test_integration_suite.TestWidgetShowcase" name="test_widget_showcase_initialization" time="0.000" /><testcase classname="tests.test_integration_suite.TestWidgetShowcase" name="test_widget_showcase_creation" time="0.002" /><testcase classname="tests.test_integration_suite.TestWidgetShowcase" name="test_theme_application" time="0.000" /><testcase classname="tests.test_integration_suite.TestPreviewWindow" name="test_preview_window_initialization" time="0.001" /><testcase classname="tests.test_integration_suite.TestPreviewWindow" name="test_preview_window_creation" time="0.004" /><testcase classname="tests.test_integration_suite.TestPreviewWindow" name="test_preview_update_debounce" time="0.001" /><testcase classname="tests.test_integration_suite.TestPreviewWindow" name="test_export_preview_image" time="0.001" /><testcase classname="tests.test_integration_suite.TestThemeEditorPreviewIntegration" name="test_theme_editor_preview_connection" time="0.001" /><testcase classname="tests.test_integration_suite.TestThemeEditorPreviewIntegration" name="test_theme_editor_preview_disconnection" time="0.001" /><testcase classname="tests.test_integration_suite.TestThemeEditorPreviewIntegration" name="test_realtime_preview_update" time="0.001" /><testcase classname="tests.test_integration_suite.TestThemeEditorPreviewIntegration" name="test_preview_update_performance" time="0.001" /><testcase classname="tests.test_integration_suite.TestThemeEditorPreviewIntegration" name="test_preview_update_error_handling" time="0.001" /><testcase classname="tests.test_integration_suite.TestIntegrationSuite" name="test_all_integration_tests" time="0.000" /><testcase classname="tests.test_integration_suite.TestIntegrationSuite" name="test_integration_test_coverage" time="0.000" /><testcase classname="tests.test_integration_suite.TestIntegrationSuite" name="test_test_environment_setup" time="0.000" /><testcase classname="tests.test_integration_suite.TestEndToEndScenarios" name="test_complete_application_lifecycle" time="0.000" /><testcase classname="tests.test_integration_suite.TestEndToEndScenarios" name="test_user_journey_scenarios" time="0.000" /><testcase classname="tests.test_logger.TestJapaneseFormatter" name="test_format_basic_message" time="0.001" /><testcase classname="tests.test_logger.TestJapaneseFormatter" name="test_format_with_exception" time="0.001" /><testcase classname="tests.test_logger.TestLogger" name="test_logger_initialization" time="0.000" /><testcase classname="tests.test_logger.TestLogger" name="test_basic_logging" time="0.001" /><testcase classname="tests.test_logger.TestLogger" name="test_log_with_category" time="0.000" /><testcase classname="tests.test_logger.TestLogger" name="test_log_error_with_exception" time="0.001" /><testcase classname="tests.test_logger.TestLogger" name="test_log_user_action" time="0.000" /><testcase classname="tests.test_logger.TestLogger" name="test_performance_timer" time="0.101" /><testcase classname="tests.test_logger.TestLogger" name="test_log_theme_operation" time="0.001" /><testcase classname="tests.test_logger.TestLogger" name="test_log_file_operation" time="0.001" /><testcase classname="tests.test_logger.TestLogger" name="test_export_logs" time="0.001" /><testcase classname="tests.test_logger.TestLoggingUtils" name="test_log_function_call_decorator" time="0.001" /><testcase classname="tests.test_logger.TestLoggingUtils" name="test_log_performance_decorator" time="0.011" /><testcase classname="tests.test_logger.TestLoggingUtils" name="test_log_user_action_decorator" time="0.001" /><testcase classname="tests.test_logger.TestLoggingUtils" name="test_log_context_manager" time="0.011" /><testcase classname="tests.test_logger.TestLoggingUtils" name="test_log_context_manager_with_exception" time="0.001" /><testcase classname="tests.test_logger.TestGlobalLogger" name="test_get_logger_singleton" time="0.000" /><testcase classname="tests.test_logger.TestGlobalLogger" name="test_setup_logging" time="0.001" /><testcase classname="tests.test_main_window.TestMainWindow" name="test_init" time="0.006" /><testcase classname="tests.test_main_window.TestMainWindow" name="test_create_window" time="0.006" /><testcase classname="tests.test_main_window.TestMainWindow" name="test_create_window_idempotent" time="0.005" /><testcase classname="tests.test_main_window.TestMainWindow" name="test_setup_window_properties" time="0.005" /><testcase classname="tests.test_main_window.TestMainWindow" name="test_menu_creation" time="0.007" /><testcase classname="tests.test_main_window.TestMainWindow" name="test_toolbar_setup" time="0.004" /><testcase classname="tests.test_main_window.TestMainWindow" name="test_status_bar_setup" time="0.005" /><testcase classname="tests.test_main_window.TestMainWindow" name="test_get_action" time="0.006" /><testcase classname="tests.test_main_window.TestMainWindow" name="test_set_status_message" time="0.007" /><testcase classname="tests.test_main_window.TestMainWindow" name="test_update_theme_status" time="0.004" /><testcase classname="tests.test_main_window.TestMainWindow" name="test_set_actions_enabled" time="0.004" /><testcase classname="tests.test_main_window.TestMainWindow" name="test_connect_action" time="0.005" /><testcase classname="tests.test_main_window.TestMainWindow" name="test_connect_nonexistent_action" time="0.008" /><testcase classname="tests.test_main_window.TestMainWindow" name="test_toggle_toolbar" time="0.004" /><testcase classname="tests.test_main_window.TestMainWindow" name="test_toggle_statusbar" time="0.005" /><testcase classname="tests.test_main_window.TestMainWindow" name="test_reset_workspace_cancel" time="0.005" /><testcase classname="tests.test_main_window.TestMainWindow" name="test_reset_workspace_confirm" time="0.007" /><testcase classname="tests.test_main_window.TestMainWindow" name="test_save_window_state" time="0.005" /><testcase classname="tests.test_main_window.TestMainWindow" name="test_show" time="0.004" /><testcase classname="tests.test_main_window.TestMainWindow" name="test_close" time="0.007" /><testcase classname="tests.test_main_window.TestMainWindow" name="test_get_window" time="0.005" /><testcase classname="tests.test_main_window.TestMainWindow" name="test_save_layout_state" time="0.005" /><testcase classname="tests.test_main_window.TestMainWindow" name="test_get_current_workspace_state" time="0.007" /><testcase classname="tests.test_preview_integration.TestWidgetShowcase" name="test_widget_showcase_initialization" time="0.000" /><testcase classname="tests.test_preview_integration.TestWidgetShowcase" name="test_widget_showcase_creation" time="0.006" /><testcase classname="tests.test_preview_integration.TestWidgetShowcase" name="test_theme_application" time="0.000" /><testcase classname="tests.test_preview_integration.TestPreviewWindow" name="test_preview_window_initialization" time="0.001" /><testcase classname="tests.test_preview_integration.TestPreviewWindow" name="test_preview_window_creation" time="0.003" /><testcase classname="tests.test_preview_integration.TestPreviewWindow" name="test_preview_update_debounce" time="0.001" /><testcase classname="tests.test_preview_integration.TestPreviewWindow" name="test_export_preview_image" time="0.001" /><testcase classname="tests.test_preview_integration.TestThemeEditorPreviewIntegration" name="test_theme_editor_preview_connection" time="0.001" /><testcase classname="tests.test_preview_integration.TestThemeEditorPreviewIntegration" name="test_theme_editor_preview_disconnection" time="0.001" /><testcase classname="tests.test_preview_integration.TestThemeEditorPreviewIntegration" name="test_realtime_preview_update" time="0.001" /><testcase classname="tests.test_preview_integration.TestThemeEditorPreviewIntegration" name="test_preview_update_performance" time="0.001" /><testcase classname="tests.test_preview_integration.TestThemeEditorPreviewIntegration" name="test_preview_update_error_handling" time="0.001" /><testcase classname="tests.test_qt_adapter.TestQtAdapter" name="test_init" time="0.000" /><testcase classname="tests.test_qt_adapter.TestQtAdapter" name="test_detect_qt_framework_pyside6" time="0.002" /><testcase classname="tests.test_qt_adapter.TestQtAdapter" name="test_detect_qt_framework_pyqt6" time="0.002" /><testcase classname="tests.test_qt_adapter.TestQtAdapter" name="test_detect_qt_framework_pyqt5" time="0.003" /><testcase classname="tests.test_qt_adapter.TestQtAdapter" name="test_detect_qt_framework_not_found" time="0.005" /><testcase classname="tests.test_qt_adapter.TestQtAdapter" name="test_detect_qt_framework_cached" time="0.001" /><testcase classname="tests.test_qt_adapter.TestQtAdapter" name="test_get_qt_modules_pyside6" time="0.001" /><testcase classname="tests.test_qt_adapter.TestQtAdapter" name="test_get_qt_modules_pyqt6" time="0.001" /><testcase classname="tests.test_qt_adapter.TestQtAdapter" name="test_get_qt_modules_pyqt5" time="0.001" /><testcase classname="tests.test_qt_adapter.TestQtAdapter" name="test_get_qt_modules_cached" time="0.001" /><testcase classname="tests.test_qt_adapter.TestQtAdapter" name="test_get_qt_modules_import_error" time="0.004" /><testcase classname="tests.test_qt_adapter.TestQtAdapter" name="test_create_application_new" time="0.001" /><testcase classname="tests.test_qt_adapter.TestQtAdapter" name="test_create_application_existing" time="0.001" /><testcase classname="tests.test_qt_adapter.TestQtAdapter" name="test_create_application_error" time="0.001" /><testcase classname="tests.test_qt_adapter.TestQtAdapter" name="test_get_framework_info" time="0.000" /><testcase classname="tests.test_qt_adapter.TestQtAdapter" name="test_get_framework_info_no_version" time="0.000" /><testcase classname="tests.test_qt_adapter.TestQtAdapter" name="test_is_initialized_false" time="0.000" /><testcase classname="tests.test_qt_adapter.TestQtAdapter" name="test_is_initialized_true" time="0.000" /><testcase classname="tests.test_qt_adapter.TestQtAdapter" name="test_application_property" time="0.000" /><testcase classname="tests.test_qt_adapter.TestQtAdapterIntegration" name="test_real_framework_detection" time="0.000" /><testcase classname="tests.test_theme_adapter.TestThemeAdapter" name="test_init" time="0.000" /><testcase classname="tests.test_theme_adapter.TestThemeAdapter" name="test_initialize_theme_manager_success" time="0.001" /><testcase classname="tests.test_theme_adapter.TestThemeAdapter" name="test_initialize_theme_manager_import_error" time="0.110" /><testcase classname="tests.test_theme_adapter.TestThemeAdapter" name="test_initialize_theme_manager_general_error" time="0.000" /><testcase classname="tests.test_theme_adapter.TestThemeAdapter" name="test_get_supported_formats" time="0.000" /><testcase classname="tests.test_theme_adapter.TestThemeAdapterLoadTheme" name="test_load_theme_file_not_found" time="0.000" /><testcase classname="tests.test_theme_adapter.TestThemeAdapterLoadTheme" name="test_load_theme_unsupported_format" time="0.000" /><testcase classname="tests.test_theme_adapter.TestThemeAdapterLoadTheme" name="test_load_json_theme_success" time="0.000" /><testcase classname="tests.test_theme_adapter.TestThemeAdapterLoadTheme" name="test_load_json_theme_invalid_json" time="0.000" /><testcase classname="tests.test_theme_adapter.TestThemeAdapterLoadTheme" name="test_load_qss_theme_success" time="0.000" /><testcase classname="tests.test_theme_adapter.TestThemeAdapterLoadTheme" name="test_load_css_theme_success" time="0.000" /><testcase classname="tests.test_theme_adapter.TestThemeAdapterLoadTheme" name="test_load_theme_auto_initialize" time="0.001" /><testcase classname="tests.test_theme_adapter.TestThemeAdapterSaveTheme" name="test_save_theme_success" time="0.000" /><testcase classname="tests.test_theme_adapter.TestThemeAdapterSaveTheme" name="test_save_theme_create_directory" time="0.000" /><testcase classname="tests.test_theme_adapter.TestThemeAdapterSaveTheme" name="test_save_theme_validation_error" time="0.000" /><testcase classname="tests.test_theme_adapter.TestThemeAdapterSaveTheme" name="test_save_theme_file_error" time="0.000" /><testcase classname="tests.test_theme_adapter.TestThemeAdapterExportTheme" name="test_export_theme_json" time="0.000" /><testcase classname="tests.test_theme_adapter.TestThemeAdapterExportTheme" name="test_export_theme_qss_from_qss_data" time="0.000" /><testcase classname="tests.test_theme_adapter.TestThemeAdapterExportTheme" name="test_export_theme_qss_from_theme_data" time="0.000" /><testcase classname="tests.test_theme_adapter.TestThemeAdapterExportTheme" name="test_export_theme_css_from_css_data" time="0.000" /><testcase classname="tests.test_theme_adapter.TestThemeAdapterExportTheme" name="test_export_theme_css_from_theme_data" time="0.000" /><testcase classname="tests.test_theme_adapter.TestThemeAdapterExportTheme" name="test_export_theme_unsupported_format" time="0.000" /><testcase classname="tests.test_theme_adapter.TestThemeAdapterExportTheme" name="test_export_theme_validation_error" time="0.000" /><testcase classname="tests.test_theme_adapter.TestThemeAdapterValidation" name="test_validate_theme_valid" time="0.000" /><testcase classname="tests.test_theme_adapter.TestThemeAdapterValidation" name="test_validate_theme_missing_name" time="0.000" /><testcase classname="tests.test_theme_adapter.TestThemeAdapterValidation" name="test_validate_theme_empty_name" time="0.000" /><testcase classname="tests.test_theme_adapter.TestThemeAdapterValidation" name="test_validate_theme_warnings" time="0.000" /><testcase classname="tests.test_theme_adapter.TestThemeAdapterValidation" name="test_validate_theme_not_dict" time="0.000" /><testcase classname="tests.test_theme_adapter.TestThemeAdapterColorValidation" name="test_is_valid_color_hex" time="0.000" /><testcase classname="tests.test_theme_adapter.TestThemeAdapterColorValidation" name="test_is_valid_color_rgb" time="0.000" /><testcase classname="tests.test_theme_adapter.TestThemeAdapterColorValidation" name="test_is_valid_color_named" time="0.000" /><testcase classname="tests.test_theme_adapter.TestThemeAdapterColorValidation" name="test_is_valid_color_invalid_types" time="0.000" /><testcase classname="tests.test_theme_adapter.TestThemeAdapterColorExtraction" name="test_extract_colors_from_qss" time="0.000" /><testcase classname="tests.test_theme_adapter.TestThemeAdapterColorExtraction" name="test_extract_colors_from_css" time="0.000" /><testcase classname="tests.test_theme_adapter.TestThemeAdapterIntegration" name="test_complete_workflow" time="0.002" /><testcase classname="tests.test_theme_adapter.TestThemeAdapterIntegration" name="test_error_handling_chain" time="0.000" /><testcase classname="tests.test_theme_controller.TestThemeController" name="test_theme_controller_initialization" time="0.001" /><testcase classname="tests.test_theme_controller.TestThemeController" name="test_create_new_theme" time="0.002" /><testcase classname="tests.test_theme_controller.TestThemeController" name="test_load_theme" time="0.002" /><testcase classname="tests.test_theme_controller.TestThemeController" name="test_save_theme" time="0.002" /><testcase classname="tests.test_theme_controller.TestThemeController" name="test_change_theme_property" time="0.002" /><testcase classname="tests.test_theme_controller.TestThemeController" name="test_undo_redo_operations" time="0.002" /><testcase classname="tests.test_theme_controller.TestThemeController" name="test_clear_undo_history" time="0.002" /><testcase classname="tests.test_theme_controller.TestThemeController" name="test_get_undo_history_info" time="0.002" /><testcase classname="tests.test_theme_controller.TestThemeController" name="test_theme_change_callbacks" time="0.002" /><testcase classname="tests.test_theme_controller.TestThemeController" name="test_preview_update_callbacks" time="0.002" /><testcase classname="tests.test_theme_controller.TestThemeController" name="test_undo_redo_callbacks" time="0.002" /><testcase classname="tests.test_theme_controller.TestThemeController" name="test_force_preview_update" time="0.002" /><testcase classname="tests.test_theme_controller.TestThemeController" name="test_get_preview_update_status" time="0.001" /><testcase classname="tests.test_theme_controller.TestThemePropertyChangeCommand" name="test_command_initialization" time="0.000" /><testcase classname="tests.test_theme_controller.TestThemePropertyChangeCommand" name="test_command_redo_undo" time="0.001" /><testcase classname="tests.test_theme_editor.TestColorPicker" name="test_color_picker_initialization" time="0.000" /><testcase classname="tests.test_theme_editor.TestColorPicker" name="test_color_picker_widget_creation" time="0.001" /><testcase classname="tests.test_theme_editor.TestColorPicker" name="test_color_change_callback" time="0.000" /><testcase classname="tests.test_theme_editor.TestThemeEditor" name="test_theme_editor_initialization" time="0.001" /><testcase classname="tests.test_theme_editor.TestThemeEditor" name="test_theme_editor_widget_creation" time="0.003" /><testcase classname="tests.test_theme_editor.TestThemeEditor" name="test_theme_data_get_set" time="0.001" /><testcase classname="tests.test_theme_editor.TestThemeEditor" name="test_theme_reset" time="0.001" /><testcase classname="tests.test_theme_editor.TestThemeEditor" name="test_theme_changed_callback" time="0.001" /><testcase classname="tests.test_theme_save.TestThemeSave" name="test_save_theme_with_file_path" time="0.001" /><testcase classname="tests.test_theme_save.TestThemeSave" name="test_save_theme_with_dialog" time="0.001" /><testcase classname="tests.test_theme_save.TestThemeSave" name="test_save_theme_dialog_cancel" time="0.001" /><testcase classname="tests.test_theme_save.TestThemeSave" name="test_save_theme_validation_error" time="0.001" /><testcase classname="tests.test_theme_save.TestThemeSave" name="test_save_theme_adapter_error" time="0.001" /><testcase classname="tests.test_theme_save.TestThemeSave" name="test_export_theme_json" time="0.001" /><testcase classname="tests.test_theme_save.TestThemeSave" name="test_export_theme_qss" time="0.001" /><testcase classname="tests.test_theme_save.TestThemeSave" name="test_export_theme_invalid_format" time="0.001" /><testcase classname="tests.test_theme_save.TestThemeSave" name="test_load_theme_from_file" time="0.001" /><testcase classname="tests.test_theme_save.TestThemeSave" name="test_load_theme_from_file_with_dialog" time="0.001" /><testcase classname="tests.test_theme_save.TestThemeSave" name="test_load_theme_dialog_cancel" time="0.001" /><testcase classname="tests.test_theme_save.TestThemeSave" name="test_save_theme_as" time="0.001" /><testcase classname="tests.test_theme_service.TestThemeService" name="test_validate_theme_valid_data" time="0.000" /><testcase classname="tests.test_theme_service.TestThemeService" name="test_validate_theme_missing_required_fields" time="0.000" /><testcase classname="tests.test_theme_service.TestThemeService" name="test_validate_theme_invalid_color_format" time="0.000" /><testcase classname="tests.test_theme_service.TestThemeService" name="test_validate_theme_invalid_font_structure" time="0.000" /><testcase classname="tests.test_theme_service.TestThemeService" name="test_convert_theme_format_json" time="0.000" /><testcase classname="tests.test_theme_service.TestThemeService" name="test_convert_theme_format_qss" time="0.000" /><testcase classname="tests.test_theme_service.TestThemeService" name="test_convert_theme_format_css" time="0.000" /><testcase classname="tests.test_theme_service.TestThemeService" name="test_convert_theme_format_unsupported" time="0.000" /><testcase classname="tests.test_theme_service.TestThemeService" name="test_convert_theme_format_invalid_data" time="0.000" /><testcase classname="tests.test_theme_service.TestThemeService" name="test_get_theme_templates" time="0.000" /><testcase classname="tests.test_theme_service.TestThemeService" name="test_get_template_by_name" time="0.000" /><testcase classname="tests.test_theme_service.TestThemeService" name="test_get_template_by_name_not_found" time="0.000" /><testcase classname="tests.test_theme_service.TestThemeService" name="test_get_templates_by_category" time="0.000" /><testcase classname="tests.test_theme_service.TestThemeService" name="test_get_templates_by_tag" time="0.001" /><testcase classname="tests.test_theme_service.TestThemeService" name="test_create_theme_from_template" time="0.000" /><testcase classname="tests.test_theme_service.TestThemeService" name="test_create_theme_from_template_custom_name" time="0.001" /><testcase classname="tests.test_theme_service.TestThemeService" name="test_create_theme_from_template_not_found" time="0.000" /><testcase classname="tests.test_theme_service.TestThemeService" name="test_clear_templates_cache" time="0.000" /><testcase classname="tests.test_theme_service.TestValidationResult" name="test_validation_result_creation" time="0.000" /><testcase classname="tests.test_theme_service.TestValidationResult" name="test_add_error" time="0.000" /><testcase classname="tests.test_theme_service.TestValidationResult" name="test_add_warning" time="0.000" /><testcase classname="tests.test_theme_service.TestValidationResult" name="test_string_representation" time="0.000" /><testcase classname="tests.test_theme_service.TestThemeTemplate" name="test_theme_template_creation" time="0.000" /><testcase classname="tests.test_theme_service.TestThemeTemplate" name="test_to_dict" time="0.000" /><testcase classname="tests.test_theme_service.TestThemeTemplate" name="test_from_dict" time="0.000" /><testcase classname="tests.test_validation_service.TestValidationService" name="test_validate_theme_structure_valid" time="0.000" /><testcase classname="tests.test_validation_service.TestValidationService" name="test_validate_theme_structure_missing_required_fields" time="0.000" /><testcase classname="tests.test_validation_service.TestValidationService" name="test_validate_theme_structure_invalid_data_types" time="0.000" /><testcase classname="tests.test_validation_service.TestValidationService" name="test_validate_colors_structure_valid" time="0.000" /><testcase classname="tests.test_validation_service.TestValidationService" name="test_validate_colors_structure_missing_essential" time="0.000" /><testcase classname="tests.test_validation_service.TestValidationService" name="test_validate_colors_structure_invalid_format" time="0.001" /><testcase classname="tests.test_validation_service.TestValidationService" name="test_validate_fonts_structure_valid" time="0.000" /><testcase classname="tests.test_validation_service.TestValidationService" name="test_validate_fonts_structure_missing_default" time="0.000" /><testcase classname="tests.test_validation_service.TestValidationService" name="test_validate_fonts_structure_missing_family" time="0.000" /><testcase classname="tests.test_validation_service.TestValidationService" name="test_validate_fonts_structure_invalid_size" time="0.000" /><testcase classname="tests.test_validation_service.TestValidationService" name="test_validate_sizes_structure_valid" time="0.000" /><testcase classname="tests.test_validation_service.TestValidationService" name="test_validate_sizes_structure_invalid_type" time="0.000" /><testcase classname="tests.test_validation_service.TestValidationService" name="test_validate_sizes_structure_negative_value" time="0.000" /><testcase classname="tests.test_validation_service.TestValidationService" name="test_is_valid_color_value_hex" time="0.000" /><testcase classname="tests.test_validation_service.TestValidationService" name="test_is_valid_color_value_rgb" time="0.000" /><testcase classname="tests.test_validation_service.TestValidationService" name="test_is_valid_color_value_named" time="0.000" /><testcase classname="tests.test_validation_service.TestValidationService" name="test_is_valid_color_value_invalid_types" time="0.000" /><testcase classname="tests.test_validation_service.TestValidationService" name="test_validate_wcag_compliance_valid" time="0.001" /><testcase classname="tests.test_validation_service.TestValidationService" name="test_validate_wcag_compliance_insufficient_contrast" time="0.001" /><testcase classname="tests.test_validation_service.TestValidationService" name="test_validate_wcag_compliance_no_colors" time="0.000" /><testcase classname="tests.test_validation_service.TestValidationService" name="test_validate_font_accessibility_valid" time="0.000" /><testcase classname="tests.test_validation_service.TestValidationService" name="test_validate_font_accessibility_small_font" time="0.000" /><testcase classname="tests.test_validation_service.TestValidationService" name="test_validate_font_accessibility_difficult_font" time="0.000" /><testcase classname="tests.test_validation_service.TestAccessibilityReport" name="test_accessibility_report_creation" time="0.000" /><testcase classname="tests.test_validation_service.TestAccessibilityReport" name="test_add_contrast_ratio" time="0.000" /><testcase classname="tests.test_validation_service.TestAccessibilityReport" name="test_add_violation" time="0.000" /><testcase classname="tests.test_validation_service.TestAccessibilityReport" name="test_add_suggestion" time="0.000" /><testcase classname="tests.test_validation_service.TestAccessibilityReport" name="test_calculate_score" time="0.000" /><testcase classname="tests.test_validation_service.TestAccessibilityReport" name="test_calculate_score_no_checks" time="0.000" /><testcase classname="tests.test_validation_service.TestAccessibilityReport" name="test_is_compliant_no_errors" time="0.000" /><testcase classname="tests.test_validation_service.TestAccessibilityReport" name="test_is_compliant_with_errors" time="0.000" /><testcase classname="tests.test_validation_service.TestAccessibilityReport" name="test_to_dict" time="0.000" /><testcase classname="tests.test_validation_service.TestAccessibilityReport" name="test_string_representation" time="0.000" /></testsuite></testsuites>